2025-05-06 20:57:19,038 - matplotlib - DEBUG - matplotlib data path: /home/kraz/Documents/GitHub/video-detection-bp/src/project/env/lib/python3.12/site-packages/matplotlib/mpl-data
2025-05-06 20:57:19,043 - matplotlib - DEBUG - CONFIGDIR=/home/kraz/.config/matplotlib
2025-05-06 20:57:19,044 - matplotlib - DEBUG - interactive is False
2025-05-06 20:57:19,044 - matplotlib - DEBUG - platform is linux
2025-05-06 20:57:19,079 - matplotlib - DEBUG - CACHEDIR=/home/kraz/.cache/matplotlib
2025-05-06 20:57:19,081 - matplotlib.font_manager - DEBUG - Using fontManager instance from /home/kraz/.cache/matplotlib/fontlist-v390.json
2025-05-06 20:57:21,533 - tensorflow - DEBUG - Falling back to TensorFlow client; we recommended you install the Cloud TPU client directly with pip install cloud-tpu-client.
2025-05-06 20:57:21,637 - h5py._conv - DEBUG - Creating converter from 7 to 5
2025-05-06 20:57:21,637 - h5py._conv - DEBUG - Creating converter from 5 to 7
2025-05-06 20:57:21,637 - h5py._conv - DEBUG - Creating converter from 7 to 5
2025-05-06 20:57:21,637 - h5py._conv - DEBUG - Creating converter from 5 to 7
2025-05-06 21:04:50,705 - matplotlib - DEBUG - matplotlib data path: /home/kraz/Documents/GitHub/video-detection-bp/src/project/env/lib/python3.12/site-packages/matplotlib/mpl-data
2025-05-06 21:04:50,710 - matplotlib - DEBUG - CONFIGDIR=/home/kraz/.config/matplotlib
2025-05-06 21:04:50,710 - matplotlib - DEBUG - interactive is False
2025-05-06 21:04:50,710 - matplotlib - DEBUG - platform is linux
2025-05-06 21:04:50,744 - matplotlib - DEBUG - CACHEDIR=/home/kraz/.cache/matplotlib
2025-05-06 21:04:50,746 - matplotlib.font_manager - DEBUG - Using fontManager instance from /home/kraz/.cache/matplotlib/fontlist-v390.json
2025-05-06 21:04:53,203 - tensorflow - DEBUG - Falling back to TensorFlow client; we recommended you install the Cloud TPU client directly with pip install cloud-tpu-client.
2025-05-06 21:04:53,309 - h5py._conv - DEBUG - Creating converter from 7 to 5
2025-05-06 21:04:53,309 - h5py._conv - DEBUG - Creating converter from 5 to 7
2025-05-06 21:04:53,309 - h5py._conv - DEBUG - Creating converter from 7 to 5
2025-05-06 21:04:53,309 - h5py._conv - DEBUG - Creating converter from 5 to 7
